[
  {
    "Type": "Quest",
    "IconId": 71221,
    "EnglishName": " For Want of a Memory",
    "FrenchName": " Une arme à mémoire d'éléphant",
    "GermanName": " Erinnerungen an vergangene Tage",
    "JapaneseName": " 「レジスタンス・ウェポン」への記憶定着"
  }
]
