[
  {
    "Type": "Item",
    "IconId": 26189,
    "EnglishName": "Ulan's Note",
    "FrenchName": "Mémento d'Ulan",
    "GermanName": "Ulans Liste",
    "JapaneseName": "ウランのメモ"
  }
]
