[
  {
    "Type": "Fate",
    "IconId": 60852,
    "EnglishName": "Drink Me",
    "FrenchName": "Rien que de l'eau",
    "GermanName": "Planschende Glückshasen",
    "JapaneseName": "水遊びのしあわせうさぎ"
  }
]
