[
  {
    "Type": "Title",
    "IconId": null,
    "EnglishName": "God of Magic / Goddess of Magic",
    "FrenchName": "Dieu de la magie / Déesse de la magie",
    "GermanName": "Gott der Magie / Göttin der Magie",
    "JapaneseName": "God of Magic"
  }
]
