[
  {
    "Type": "LeveQuest",
    "IconId": 71241,
    "EnglishName": "Practical Command",
    "FrenchName": "Fabrication : potions alchimiques augmentant le talent artistique",
    "GermanName": "Mit der Kunst noch nicht am Ende",
    "JapaneseName": "製作依頼：品質を高める錬金薬"
  }
]
